current directory: /home/vitora/Gas_Station_Project/vendor/bundle/ruby/3.4.0/gems/ed25519-1.3.0/ext/ed25519_ref10
/home/vitora/.asdf/installs/ruby/3.4.2/bin/ruby extconf.rb
creating Makefile

current directory: /home/vitora/Gas_Station_Project/vendor/bundle/ruby/3.4.0/gems/ed25519-1.3.0/ext/ed25519_ref10
make DESTDIR\= sitearchdir\=./.gem.20250320-86310-swc6m5 sitelibdir\=./.gem.20250320-86310-swc6m5 clean

current directory: /home/vitora/Gas_Station_Project/vendor/bundle/ruby/3.4.0/gems/ed25519-1.3.0/ext/ed25519_ref10
make DESTDIR\= sitearchdir\=./.gem.20250320-86310-swc6m5 sitelibdir\=./.gem.20250320-86310-swc6m5
compiling ed25519_ref10.c
In file included from /home/vitora/.asdf/installs/ruby/3.4.2/include/ruby-3.4.0/ruby/ruby.h:15,
                 from /home/vitora/.asdf/installs/ruby/3.4.2/include/ruby-3.4.0/ruby.h:38,
                 from ed25519_ref10.c:1:
/home/vitora/.asdf/installs/ruby/3.4.2/include/ruby-3.4.0/ruby/internal/config.h:139:50: warning: __VA_OPT__ is not available until C++2a
  139 | # define RBIMPL_TEST2(...)          RBIMPL_TEST3(__VA_OPT__(,),1,0,0)
      |                                                  ^
In file included from /home/vitora/.asdf/installs/ruby/3.4.2/include/ruby-3.4.0/ruby/internal/attr/pure.h:25,
                 from /home/vitora/.asdf/installs/ruby/3.4.2/include/ruby-3.4.0/ruby/backward/2/attributes.h:43,
                 from /home/vitora/.asdf/installs/ruby/3.4.2/include/ruby-3.4.0/ruby/defines.h:73,
                 from /home/vitora/.asdf/installs/ruby/3.4.2/include/ruby-3.4.0/ruby/ruby.h:25,
                 from /home/vitora/.asdf/installs/ruby/3.4.2/include/ruby-3.4.0/ruby.h:38,
                 from ed25519_ref10.c:1:
/home/vitora/.asdf/installs/ruby/3.4.2/include/ruby-3.4.0/ruby/assert.h:162:34: warning: __VA_OPT__ is not available until C++2a
  162 | # define RBIMPL_VA_OPT_ARGS(...) __VA_OPT__(,) __VA_ARGS__
      |                                  ^
/home/vitora/.asdf/installs/ruby/3.4.2/include/ruby-3.4.0/ruby/assert.h:165:24: warning: __VA_OPT__ is not available until C++2a
  165 |     rb_assert_failure##__VA_OPT__(_detail)( \
      |                        ^
In file included from /home/vitora/.asdf/installs/ruby/3.4.2/include/ruby-3.4.0/ruby/ruby.h:46,
                 from /home/vitora/.asdf/installs/ruby/3.4.2/include/ruby-3.4.0/ruby.h:38,
                 from ed25519_ref10.c:1:
/home/vitora/.asdf/installs/ruby/3.4.2/include/ruby-3.4.0/ruby/internal/scan_args.h:502:41: warning: __VA_OPT__ is not available until C++2a
  502 |         (rb_scan_args)(argc, argvp, fmt __VA_OPT__(, __VA_ARGS__)))
      |                                         ^
/home/vitora/.asdf/installs/ruby/3.4.2/include/ruby-3.4.0/ruby/internal/scan_args.h:510:53: warning: __VA_OPT__ is not available until C++2a
  510 |         (rb_scan_args_kw)(kw_flag, argc, argvp, fmt __VA_OPT__(, __VA_ARGS__)))
      |                                                     ^
ed25519_ref10.c: In function ‘Init_ed25519_ref10’:
ed25519_ref10.c:12:6: warning: old-style function definition [-Wold-style-definition]
   12 | void Init_ed25519_ref10()
      |      ^~~~~~~~~~~~~~~~~~
ed25519_ref10.c: At top level:
cc1: warning: unrecognized command line option ‘-Wno-self-assign’
cc1: warning: unrecognized command line option ‘-Wno-parentheses-equality’
cc1: warning: unrecognized command line option ‘-Wno-constant-logical-operand’
compiling fe.c
compiling ge.c
compiling keypair.c
compiling open.c
compiling sc_muladd.c
compiling sc_reduce.c
compiling sha512.c
compiling sign.c
compiling verify.c
linking shared-object ed25519_ref10.so

current directory: /home/vitora/Gas_Station_Project/vendor/bundle/ruby/3.4.0/gems/ed25519-1.3.0/ext/ed25519_ref10
make DESTDIR\= sitearchdir\=./.gem.20250320-86310-swc6m5 sitelibdir\=./.gem.20250320-86310-swc6m5 install
/usr/bin/install -c -m 0755 ed25519_ref10.so ./.gem.20250320-86310-swc6m5

current directory: /home/vitora/Gas_Station_Project/vendor/bundle/ruby/3.4.0/gems/ed25519-1.3.0/ext/ed25519_ref10
make DESTDIR\= sitearchdir\=./.gem.20250320-86310-swc6m5 sitelibdir\=./.gem.20250320-86310-swc6m5 clean
