current directory: /home/vitora/Gas_Station_Project/vendor/bundle/ruby/3.4.0/gems/date-3.4.1/ext/date
/home/vitora/.asdf/installs/ruby/3.4.2/bin/ruby extconf.rb
checking for rb_category_warn()... yes
checking for timezone in time.h with -Werror... yes
checking for altzone in time.h with -Werror... no
creating Makefile

current directory: /home/vitora/Gas_Station_Project/vendor/bundle/ruby/3.4.0/gems/date-3.4.1/ext/date
make DESTDIR\= sitearchdir\=./.gem.20250320-86310-p3x5hq sitelibdir\=./.gem.20250320-86310-p3x5hq clean

current directory: /home/vitora/Gas_Station_Project/vendor/bundle/ruby/3.4.0/gems/date-3.4.1/ext/date
make DESTDIR\= sitearchdir\=./.gem.20250320-86310-p3x5hq sitelibdir\=./.gem.20250320-86310-p3x5hq
compiling date_core.c
compiling date_parse.c
compiling date_strftime.c
compiling date_strptime.c
linking shared-object date_core.so

current directory: /home/vitora/Gas_Station_Project/vendor/bundle/ruby/3.4.0/gems/date-3.4.1/ext/date
make DESTDIR\= sitearchdir\=./.gem.20250320-86310-p3x5hq sitelibdir\=./.gem.20250320-86310-p3x5hq install
/usr/bin/install -c -m 0755 date_core.so ./.gem.20250320-86310-p3x5hq

current directory: /home/vitora/Gas_Station_Project/vendor/bundle/ruby/3.4.0/gems/date-3.4.1/ext/date
make DESTDIR\= sitearchdir\=./.gem.20250320-86310-p3x5hq sitelibdir\=./.gem.20250320-86310-p3x5hq clean
