current directory: /home/vitora/Gas_Station_Project/vendor/bundle/ruby/3.4.0/gems/websocket-driver-0.7.7/ext/websocket-driver
/home/vitora/.asdf/installs/ruby/3.4.2/bin/ruby extconf.rb
creating Makefile

current directory: /home/vitora/Gas_Station_Project/vendor/bundle/ruby/3.4.0/gems/websocket-driver-0.7.7/ext/websocket-driver
make DESTDIR\= sitearchdir\=./.gem.20250320-86310-jn51aq sitelibdir\=./.gem.20250320-86310-jn51aq clean

current directory: /home/vitora/Gas_Station_Project/vendor/bundle/ruby/3.4.0/gems/websocket-driver-0.7.7/ext/websocket-driver
make DESTDIR\= sitearchdir\=./.gem.20250320-86310-jn51aq sitelibdir\=./.gem.20250320-86310-jn51aq
compiling websocket_mask.c
websocket_mask.c: In function ‘Init_websocket_mask’:
websocket_mask.c:26:6: warning: old-style function definition [-Wold-style-definition]
   26 | void Init_websocket_mask()
      |      ^~~~~~~~~~~~~~~~~~~
websocket_mask.c: At top level:
cc1: warning: unrecognized command line option ‘-Wno-self-assign’
cc1: warning: unrecognized command line option ‘-Wno-parentheses-equality’
cc1: warning: unrecognized command line option ‘-Wno-constant-logical-operand’
linking shared-object websocket_mask.so

current directory: /home/vitora/Gas_Station_Project/vendor/bundle/ruby/3.4.0/gems/websocket-driver-0.7.7/ext/websocket-driver
make DESTDIR\= sitearchdir\=./.gem.20250320-86310-jn51aq sitelibdir\=./.gem.20250320-86310-jn51aq install
/usr/bin/install -c -m 0755 websocket_mask.so ./.gem.20250320-86310-jn51aq

current directory: /home/vitora/Gas_Station_Project/vendor/bundle/ruby/3.4.0/gems/websocket-driver-0.7.7/ext/websocket-driver
make DESTDIR\= sitearchdir\=./.gem.20250320-86310-jn51aq sitelibdir\=./.gem.20250320-86310-jn51aq clean
