current directory: /home/vitora/Gas_Station_Project/vendor/bundle/ruby/3.4.0/gems/psych-5.2.3/ext/psych
/home/vitora/.asdf/installs/ruby/3.4.2/bin/ruby extconf.rb
checking for pkg-config for yaml-0.1... [" ", "", "-lyaml"]
checking for yaml.h... yes
checking for yaml_get_version() in -lyaml... yes
creating Makefile

current directory: /home/vitora/Gas_Station_Project/vendor/bundle/ruby/3.4.0/gems/psych-5.2.3/ext/psych
make DESTDIR\= sitearchdir\=./.gem.20250320-86310-jqjh0e sitelibdir\=./.gem.20250320-86310-jqjh0e clean
cd libyaml && make clean
/bin/sh: 1: cd: can't cd to libyaml
make: [Makefile:287: clean-so] Error 2 (ignored)

current directory: /home/vitora/Gas_Station_Project/vendor/bundle/ruby/3.4.0/gems/psych-5.2.3/ext/psych
make DESTDIR\= sitearchdir\=./.gem.20250320-86310-jqjh0e sitelibdir\=./.gem.20250320-86310-jqjh0e
compiling psych.c
compiling psych_emitter.c
compiling psych_parser.c
compiling psych_to_ruby.c
compiling psych_yaml_tree.c
linking shared-object psych.so

current directory: /home/vitora/Gas_Station_Project/vendor/bundle/ruby/3.4.0/gems/psych-5.2.3/ext/psych
make DESTDIR\= sitearchdir\=./.gem.20250320-86310-jqjh0e sitelibdir\=./.gem.20250320-86310-jqjh0e install
/usr/bin/install -c -m 0755 psych.so ./.gem.20250320-86310-jqjh0e

current directory: /home/vitora/Gas_Station_Project/vendor/bundle/ruby/3.4.0/gems/psych-5.2.3/ext/psych
make DESTDIR\= sitearchdir\=./.gem.20250320-86310-jqjh0e sitelibdir\=./.gem.20250320-86310-jqjh0e clean
cd libyaml && make clean
/bin/sh: 1: cd: can't cd to libyaml
make: [Makefile:287: clean-so] Error 2 (ignored)
