current directory: /home/vitora/Gas_Station_Project/vendor/bundle/ruby/3.4.0/gems/json-2.10.1/ext/json/ext/parser
/home/vitora/.asdf/installs/ruby/3.4.2/bin/ruby extconf.rb
checking for rb_enc_interned_str() in ruby.h... yes
checking for rb_hash_new_capa() in ruby.h... yes
checking for rb_hash_bulk_insert() in ruby.h... yes
checking for rb_category_warn() in ruby.h... yes
checking for strnlen() in string.h... yes
checking for whether -std=c99 is accepted as CFLAGS... yes
creating Makefile

current directory: /home/vitora/Gas_Station_Project/vendor/bundle/ruby/3.4.0/gems/json-2.10.1/ext/json/ext/parser
make DESTDIR\= sitearchdir\=./.gem.20250320-86310-n92s4o sitelibdir\=./.gem.20250320-86310-n92s4o clean

current directory: /home/vitora/Gas_Station_Project/vendor/bundle/ruby/3.4.0/gems/json-2.10.1/ext/json/ext/parser
make DESTDIR\= sitearchdir\=./.gem.20250320-86310-n92s4o sitelibdir\=./.gem.20250320-86310-n92s4o
compiling parser.c
linking shared-object json/ext/parser.so

current directory: /home/vitora/Gas_Station_Project/vendor/bundle/ruby/3.4.0/gems/json-2.10.1/ext/json/ext/parser
make DESTDIR\= sitearchdir\=./.gem.20250320-86310-n92s4o sitelibdir\=./.gem.20250320-86310-n92s4o install
/usr/bin/install -c -m 0755 parser.so ./.gem.20250320-86310-n92s4o/json/ext

current directory: /home/vitora/Gas_Station_Project/vendor/bundle/ruby/3.4.0/gems/json-2.10.1/ext/json/ext/parser
make DESTDIR\= sitearchdir\=./.gem.20250320-86310-n92s4o sitelibdir\=./.gem.20250320-86310-n92s4o clean
